mode: set
github.com/lordwerneo/intl_tasks/tree/main/tests/do/do.go:10.50,12.11 2 1
github.com/lordwerneo/intl_tasks/tree/main/tests/do/do.go:20.2,20.11 1 1
github.com/lordwerneo/intl_tasks/tree/main/tests/do/do.go:27.2,27.7 1 1
github.com/lordwerneo/intl_tasks/tree/main/tests/do/do.go:31.2,31.19 1 1
github.com/lordwerneo/intl_tasks/tree/main/tests/do/do.go:35.2,35.17 1 1
github.com/lordwerneo/intl_tasks/tree/main/tests/do/do.go:13.21,14.25 1 1
github.com/lordwerneo/intl_tasks/tree/main/tests/do/do.go:15.18,15.18 0 1
github.com/lordwerneo/intl_tasks/tree/main/tests/do/do.go:16.10,17.37 1 1
github.com/lordwerneo/intl_tasks/tree/main/tests/do/do.go:21.26,22.11 1 1
github.com/lordwerneo/intl_tasks/tree/main/tests/do/do.go:23.10,24.37 1 1
github.com/lordwerneo/intl_tasks/tree/main/tests/do/do.go:27.7,29.3 1 1
github.com/lordwerneo/intl_tasks/tree/main/tests/do/do.go:31.19,33.3 1 1
